// Jest Snapshot v1, https://goo.gl/fbAQLP

exports[`MainHeading renders correctly 1`] = `
<h1
  className="sc-bdVaJa cukzsS"
/>
`;

exports[`Paragraph renders correctly 1`] = `
<p
  className="sc-htpNat fVEbsh"
/>
`;

exports[`Subheading renders correctly 1`] = `
<h2
  className="sc-bwzfXH hGAVIm"
/>
`;
